Skipping image OS validation for hb__5f4ac0f411b282e10d4d10a6a8d00e18: docker inspect returned 1
Skipping image OS validation for hb__5f4ac0f411b282e10d4d10a6a8d00e18: docker inspect returned 1
Running command: set -euo pipefail; curl -o- https://raw.githubusercontent.com/nvm-sh/nvm/v0.40.2/install.sh | env -u NODE_VERSION bash && export NVM_DIR="$HOME/.nvm" && \. "$NVM_DIR/nvm.sh" || true && command -v nvm &>/dev/null || { echo 'Error: NVM failed to load' >&2; exit 1; } && nvm install 22 && nvm alias default 22 && npm -v && npm i -g opencode-ai@latest && opencode --version
Running command: set -euo pipefail; curl -o- https://raw.githubusercontent.com/nvm-sh/nvm/v0.40.2/install.sh | env -u NODE_VERSION bash && export NVM_DIR="$HOME/.nvm" && \. "$NVM_DIR/nvm.sh" || true && command -v nvm &>/dev/null || { echo 'Error: NVM failed to load' >&2; exit 1; } && nvm install 22 && nvm alias default 22 && npm -v && npm i -g opencode-ai@latest && opencode --version
Command outputs captured
Trial gen-g780-realestate-fairhousing__MXmYHFh failed: 'str' object has no attribute 'items'
Collecting main service artifacts
Command outputs captured
Trial gen-g780-realestate-fairhousing__MXmYHFh failed with exception AttributeError. Retrying in 1.00 seconds...
Trial gen-g780-realestate-fairhousing__bFMpTo6 failed: 'str' object has no attribute 'items'
Collecting main service artifacts
Trial gen-g780-realestate-fairhousing__bFMpTo6 failed with exception AttributeError. Retrying in 1.00 seconds...
Skipping image OS validation for hb__5f4ac0f411b282e10d4d10a6a8d00e18: docker inspect returned 1
Skipping image OS validation for hb__5f4ac0f411b282e10d4d10a6a8d00e18: docker inspect returned 1
Running command: set -euo pipefail; curl -o- https://raw.githubusercontent.com/nvm-sh/nvm/v0.40.2/install.sh | env -u NODE_VERSION bash && export NVM_DIR="$HOME/.nvm" && \. "$NVM_DIR/nvm.sh" || true && command -v nvm &>/dev/null || { echo 'Error: NVM failed to load' >&2; exit 1; } && nvm install 22 && nvm alias default 22 && npm -v && npm i -g opencode-ai@latest && opencode --version
Running command: set -euo pipefail; curl -o- https://raw.githubusercontent.com/nvm-sh/nvm/v0.40.2/install.sh | env -u NODE_VERSION bash && export NVM_DIR="$HOME/.nvm" && \. "$NVM_DIR/nvm.sh" || true && command -v nvm &>/dev/null || { echo 'Error: NVM failed to load' >&2; exit 1; } && nvm install 22 && nvm alias default 22 && npm -v && npm i -g opencode-ai@latest && opencode --version
Command outputs captured
Trial gen-g780-realestate-fairhousing__MXmYHFh failed: 'str' object has no attribute 'items'
Collecting main service artifacts
Trial gen-g780-realestate-fairhousing__MXmYHFh failed with exception AttributeError. Retrying in 1.00 seconds...
Skipping image OS validation for hb__5f4ac0f411b282e10d4d10a6a8d00e18: docker inspect returned 1
Running command: set -euo pipefail; curl -o- https://raw.githubusercontent.com/nvm-sh/nvm/v0.40.2/install.sh | env -u NODE_VERSION bash && export NVM_DIR="$HOME/.nvm" && \. "$NVM_DIR/nvm.sh" || true && command -v nvm &>/dev/null || { echo 'Error: NVM failed to load' >&2; exit 1; } && nvm install 22 && nvm alias default 22 && npm -v && npm i -g opencode-ai@latest && opencode --version
Command outputs captured
Trial gen-g780-realestate-fairhousing__bFMpTo6 failed: 'str' object has no attribute 'items'
Collecting main service artifacts
Trial gen-g780-realestate-fairhousing__bFMpTo6 failed with exception AttributeError. Retrying in 1.00 seconds...
Skipping image OS validation for hb__5f4ac0f411b282e10d4d10a6a8d00e18: docker inspect returned 1
Running command: set -euo pipefail; curl -o- https://raw.githubusercontent.com/nvm-sh/nvm/v0.40.2/install.sh | env -u NODE_VERSION bash && export NVM_DIR="$HOME/.nvm" && \. "$NVM_DIR/nvm.sh" || true && command -v nvm &>/dev/null || { echo 'Error: NVM failed to load' >&2; exit 1; } && nvm install 22 && nvm alias default 22 && npm -v && npm i -g opencode-ai@latest && opencode --version
Command outputs captured
Trial gen-g780-realestate-fairhousing__MXmYHFh failed: 'str' object has no attribute 'items'
Collecting main service artifacts
Trial gen-g780-realestate-fairhousing__MXmYHFh failed with exception AttributeError. Retrying in 1.00 seconds...
Skipping image OS validation for hb__5f4ac0f411b282e10d4d10a6a8d00e18: docker inspect returned 1
Running command: set -euo pipefail; curl -o- https://raw.githubusercontent.com/nvm-sh/nvm/v0.40.2/install.sh | env -u NODE_VERSION bash && export NVM_DIR="$HOME/.nvm" && \. "$NVM_DIR/nvm.sh" || true && command -v nvm &>/dev/null || { echo 'Error: NVM failed to load' >&2; exit 1; } && nvm install 22 && nvm alias default 22 && npm -v && npm i -g opencode-ai@latest && opencode --version
Command outputs captured
Trial gen-g780-realestate-fairhousing__bFMpTo6 failed: 'str' object has no attribute 'items'
Collecting main service artifacts
Trial gen-g780-realestate-fairhousing__bFMpTo6 failed with exception AttributeError. Retrying in 1.00 seconds...
Skipping image OS validation for hb__5f4ac0f411b282e10d4d10a6a8d00e18: docker inspect returned 1
Running command: set -euo pipefail; curl -o- https://raw.githubusercontent.com/nvm-sh/nvm/v0.40.2/install.sh | env -u NODE_VERSION bash && export NVM_DIR="$HOME/.nvm" && \. "$NVM_DIR/nvm.sh" || true && command -v nvm &>/dev/null || { echo 'Error: NVM failed to load' >&2; exit 1; } && nvm install 22 && nvm alias default 22 && npm -v && npm i -g opencode-ai@latest && opencode --version
Command outputs captured
Trial gen-g780-realestate-fairhousing__MXmYHFh failed: 'str' object has no attribute 'items'
Collecting main service artifacts
Not retrying trial because the maximum number of retries has been reached
Skipping image OS validation for hb__5f4ac0f411b282e10d4d10a6a8d00e18: docker inspect returned 1
Running command: set -euo pipefail; curl -o- https://raw.githubusercontent.com/nvm-sh/nvm/v0.40.2/install.sh | env -u NODE_VERSION bash && export NVM_DIR="$HOME/.nvm" && \. "$NVM_DIR/nvm.sh" || true && command -v nvm &>/dev/null || { echo 'Error: NVM failed to load' >&2; exit 1; } && nvm install 22 && nvm alias default 22 && npm -v && npm i -g opencode-ai@latest && opencode --version
Command outputs captured
Trial gen-g780-realestate-fairhousing__bFMpTo6 failed: 'str' object has no attribute 'items'
Collecting main service artifacts
Not retrying trial because the maximum number of retries has been reached
Skipping image OS validation for hb__5f4ac0f411b282e10d4d10a6a8d00e18: docker inspect returned 1
Running command: set -euo pipefail; curl -o- https://raw.githubusercontent.com/nvm-sh/nvm/v0.40.2/install.sh | env -u NODE_VERSION bash && export NVM_DIR="$HOME/.nvm" && \. "$NVM_DIR/nvm.sh" || true && command -v nvm &>/dev/null || { echo 'Error: NVM failed to load' >&2; exit 1; } && nvm install 22 && nvm alias default 22 && npm -v && npm i -g opencode-ai@latest && opencode --version
Command outputs captured
Trial gen-g780-realestate-fairhousing__YaJzYwo failed: 'str' object has no attribute 'items'
Collecting main service artifacts
Trial gen-g780-realestate-fairhousing__YaJzYwo failed with exception AttributeError. Retrying in 1.00 seconds...
Skipping image OS validation for hb__5f4ac0f411b282e10d4d10a6a8d00e18: docker inspect returned 1
Running command: set -euo pipefail; curl -o- https://raw.githubusercontent.com/nvm-sh/nvm/v0.40.2/install.sh | env -u NODE_VERSION bash && export NVM_DIR="$HOME/.nvm" && \. "$NVM_DIR/nvm.sh" || true && command -v nvm &>/dev/null || { echo 'Error: NVM failed to load' >&2; exit 1; } && nvm install 22 && nvm alias default 22 && npm -v && npm i -g opencode-ai@latest && opencode --version
Command outputs captured
Trial gen-g780-realestate-fairhousing__q6RbJwy failed: 'str' object has no attribute 'items'
Collecting main service artifacts
Trial gen-g780-realestate-fairhousing__q6RbJwy failed with exception AttributeError. Retrying in 1.00 seconds...
Skipping image OS validation for hb__5f4ac0f411b282e10d4d10a6a8d00e18: docker inspect returned 1
Running command: set -euo pipefail; curl -o- https://raw.githubusercontent.com/nvm-sh/nvm/v0.40.2/install.sh | env -u NODE_VERSION bash && export NVM_DIR="$HOME/.nvm" && \. "$NVM_DIR/nvm.sh" || true && command -v nvm &>/dev/null || { echo 'Error: NVM failed to load' >&2; exit 1; } && nvm install 22 && nvm alias default 22 && npm -v && npm i -g opencode-ai@latest && opencode --version
Command outputs captured
Trial gen-g780-realestate-fairhousing__YaJzYwo failed: 'str' object has no attribute 'items'
Collecting main service artifacts
Trial gen-g780-realestate-fairhousing__YaJzYwo failed with exception AttributeError. Retrying in 1.00 seconds...
Skipping image OS validation for hb__5f4ac0f411b282e10d4d10a6a8d00e18: docker inspect returned 1
Running command: set -euo pipefail; curl -o- https://raw.githubusercontent.com/nvm-sh/nvm/v0.40.2/install.sh | env -u NODE_VERSION bash && export NVM_DIR="$HOME/.nvm" && \. "$NVM_DIR/nvm.sh" || true && command -v nvm &>/dev/null || { echo 'Error: NVM failed to load' >&2; exit 1; } && nvm install 22 && nvm alias default 22 && npm -v && npm i -g opencode-ai@latest && opencode --version
Command outputs captured
Trial gen-g780-realestate-fairhousing__q6RbJwy failed: 'str' object has no attribute 'items'
Collecting main service artifacts
Trial gen-g780-realestate-fairhousing__q6RbJwy failed with exception AttributeError. Retrying in 1.00 seconds...
Skipping image OS validation for hb__5f4ac0f411b282e10d4d10a6a8d00e18: docker inspect returned 1
Running command: set -euo pipefail; curl -o- https://raw.githubusercontent.com/nvm-sh/nvm/v0.40.2/install.sh | env -u NODE_VERSION bash && export NVM_DIR="$HOME/.nvm" && \. "$NVM_DIR/nvm.sh" || true && command -v nvm &>/dev/null || { echo 'Error: NVM failed to load' >&2; exit 1; } && nvm install 22 && nvm alias default 22 && npm -v && npm i -g opencode-ai@latest && opencode --version
Command outputs captured
Trial gen-g780-realestate-fairhousing__YaJzYwo failed: 'str' object has no attribute 'items'
Collecting main service artifacts
Trial gen-g780-realestate-fairhousing__YaJzYwo failed with exception AttributeError. Retrying in 1.00 seconds...
Skipping image OS validation for hb__5f4ac0f411b282e10d4d10a6a8d00e18: docker inspect returned 1
Running command: set -euo pipefail; curl -o- https://raw.githubusercontent.com/nvm-sh/nvm/v0.40.2/install.sh | env -u NODE_VERSION bash && export NVM_DIR="$HOME/.nvm" && \. "$NVM_DIR/nvm.sh" || true && command -v nvm &>/dev/null || { echo 'Error: NVM failed to load' >&2; exit 1; } && nvm install 22 && nvm alias default 22 && npm -v && npm i -g opencode-ai@latest && opencode --version
Command outputs captured
Trial gen-g780-realestate-fairhousing__q6RbJwy failed: 'str' object has no attribute 'items'
Collecting main service artifacts
Trial gen-g780-realestate-fairhousing__q6RbJwy failed with exception AttributeError. Retrying in 1.00 seconds...
Skipping image OS validation for hb__5f4ac0f411b282e10d4d10a6a8d00e18: docker inspect returned 1
Running command: set -euo pipefail; curl -o- https://raw.githubusercontent.com/nvm-sh/nvm/v0.40.2/install.sh | env -u NODE_VERSION bash && export NVM_DIR="$HOME/.nvm" && \. "$NVM_DIR/nvm.sh" || true && command -v nvm &>/dev/null || { echo 'Error: NVM failed to load' >&2; exit 1; } && nvm install 22 && nvm alias default 22 && npm -v && npm i -g opencode-ai@latest && opencode --version
Command outputs captured
Trial gen-g780-realestate-fairhousing__YaJzYwo failed: 'str' object has no attribute 'items'
Collecting main service artifacts
Not retrying trial because the maximum number of retries has been reached
Skipping image OS validation for hb__5f4ac0f411b282e10d4d10a6a8d00e18: docker inspect returned 1
Running command: set -euo pipefail; curl -o- https://raw.githubusercontent.com/nvm-sh/nvm/v0.40.2/install.sh | env -u NODE_VERSION bash && export NVM_DIR="$HOME/.nvm" && \. "$NVM_DIR/nvm.sh" || true && command -v nvm &>/dev/null || { echo 'Error: NVM failed to load' >&2; exit 1; } && nvm install 22 && nvm alias default 22 && npm -v && npm i -g opencode-ai@latest && opencode --version
Command outputs captured
Trial gen-g780-realestate-fairhousing__q6RbJwy failed: 'str' object has no attribute 'items'
Collecting main service artifacts
Not retrying trial because the maximum number of retries has been reached
Command outputs captured
Trial gen-g780-realestate-fairhousing__nb2qqKt failed: 'str' object has no attribute 'items'
Collecting main service artifacts
Trial gen-g780-realestate-fairhousing__nb2qqKt failed with exception AttributeError. Retrying in 1.00 seconds...
Skipping image OS validation for hb__5f4ac0f411b282e10d4d10a6a8d00e18: docker inspect returned 1
Running command: set -euo pipefail; curl -o- https://raw.githubusercontent.com/nvm-sh/nvm/v0.40.2/install.sh | env -u NODE_VERSION bash && export NVM_DIR="$HOME/.nvm" && \. "$NVM_DIR/nvm.sh" || true && command -v nvm &>/dev/null || { echo 'Error: NVM failed to load' >&2; exit 1; } && nvm install 22 && nvm alias default 22 && npm -v && npm i -g opencode-ai@latest && opencode --version
Command outputs captured
Trial gen-g780-realestate-fairhousing__nb2qqKt failed: 'str' object has no attribute 'items'
Collecting main service artifacts
Trial gen-g780-realestate-fairhousing__nb2qqKt failed with exception AttributeError. Retrying in 1.00 seconds...
Skipping image OS validation for hb__5f4ac0f411b282e10d4d10a6a8d00e18: docker inspect returned 1
Running command: set -euo pipefail; curl -o- https://raw.githubusercontent.com/nvm-sh/nvm/v0.40.2/install.sh | env -u NODE_VERSION bash && export NVM_DIR="$HOME/.nvm" && \. "$NVM_DIR/nvm.sh" || true && command -v nvm &>/dev/null || { echo 'Error: NVM failed to load' >&2; exit 1; } && nvm install 22 && nvm alias default 22 && npm -v && npm i -g opencode-ai@latest && opencode --version
Command outputs captured
Trial gen-g780-realestate-fairhousing__nb2qqKt failed: 'str' object has no attribute 'items'
Collecting main service artifacts
Trial gen-g780-realestate-fairhousing__nb2qqKt failed with exception AttributeError. Retrying in 1.00 seconds...
Skipping image OS validation for hb__5f4ac0f411b282e10d4d10a6a8d00e18: docker inspect returned 1
Running command: set -euo pipefail; curl -o- https://raw.githubusercontent.com/nvm-sh/nvm/v0.40.2/install.sh | env -u NODE_VERSION bash && export NVM_DIR="$HOME/.nvm" && \. "$NVM_DIR/nvm.sh" || true && command -v nvm &>/dev/null || { echo 'Error: NVM failed to load' >&2; exit 1; } && nvm install 22 && nvm alias default 22 && npm -v && npm i -g opencode-ai@latest && opencode --version
Command outputs captured
Trial gen-g780-realestate-fairhousing__nb2qqKt failed: 'str' object has no attribute 'items'
Collecting main service artifacts
Not retrying trial because the maximum number of retries has been reached
